// Jest Snapshot v1, https://goo.gl/fbAQLP

exports[`Icon should match snapshot 1`] = `
<View
  style={
    {
      "minHeight": 24,
    }
  }
/>
`;
